components/SplashScreen.tsx(46,51): error TS1382: Unexpected token. Did you mean `{'>'}` or `&gt;`?
components/SplashScreen.tsx(47,60): error TS1382: Unexpected token. Did you mean `{'>'}` or `&gt;`?
components/SplashScreen.tsx(48,61): error TS1382: Unexpected token. Did you mean `{'>'}` or `&gt;`?
components/SplashScreen.tsx(49,61): error TS1382: Unexpected token. Did you mean `{'>'}` or `&gt;`?
